{
    "failed_checks": [
        {
            "file": "/testcraft/templates/alertmanager.yaml",
            "findings": [
                {
                    "resource": "Deployment.default.alertmanager",
                    "check_ids": [
                        "CKV_K8S_15",
                        "CKV_K8S_21",
                        "CKV_K8S_22",
                        "CKV_K8S_38",
                        "CKV_K8S_43",
                        "CKV_K8S_8"
                    ]
                },
                {
                    "resource": "Pod.default.alertmanager.app-alertmanager",
                    "check_ids": [
                        "CKV2_K8S_6"
                    ]
                },
                {
                    "resource": "Service.default.alertmanager",
                    "check_ids": [
                        "CKV_K8S_21"
                    ]
                }
            ]
        },
        {
            "file": "/testcraft/templates/api.yaml",
            "findings": [
                {
                    "resource": "Deployment.default.api",
                    "check_ids": [
                        "CKV_K8S_14",
                        "CKV_K8S_15",
                        "CKV_K8S_21",
                        "CKV_K8S_22",
                        "CKV_K8S_35",
                        "CKV_K8S_38",
                        "CKV_K8S_40",
                        "CKV_K8S_43"
                    ]
                },
                {
                    "resource": "Pod.default.api.app-api",
                    "check_ids": [
                        "CKV2_K8S_6"
                    ]
                },
                {
                    "resource": "Service.default.api",
                    "check_ids": [
                        "CKV_K8S_21"
                    ]
                }
            ]
        },
        {
            "file": "/testcraft/templates/configmap-alertmanager.yaml",
            "findings": [
                {
                    "resource": "ConfigMap.default.alertmanager-config",
                    "check_ids": [
                        "CKV_K8S_21"
                    ]
                }
            ]
        },
        {
            "file": "/testcraft/templates/configmap-grafana-dashboards.yaml",
            "findings": [
                {
                    "resource": "ConfigMap.default.grafana-provisioning-dashboards",
                    "check_ids": [
                        "CKV_K8S_21"
                    ]
                }
            ]
        },
        {
            "file": "/testcraft/templates/configmap-grafana-datasources.yaml",
            "findings": [
                {
                    "resource": "ConfigMap.default.grafana-provisioning-datasources",
                    "check_ids": [
                        "CKV_K8S_21"
                    ]
                }
            ]
        },
        {
            "file": "/testcraft/templates/configmap-keycloak-theme.yaml",
            "findings": [
                {
                    "resource": "ConfigMap.default.keycloak-dracula-theme",
                    "check_ids": [
                        "CKV_K8S_21"
                    ]
                }
            ]
        },
        {
            "file": "/testcraft/templates/configmap-postgres-init.yaml",
            "findings": [
                {
                    "resource": "ConfigMap.default.postgres-init",
                    "check_ids": [
                        "CKV_K8S_21"
                    ]
                }
            ]
        },
        {
            "file": "/testcraft/templates/configmap-prometheus.yaml",
            "findings": [
                {
                    "resource": "ConfigMap.default.prometheus-config",
                    "check_ids": [
                        "CKV_K8S_21"
                    ]
                }
            ]
        },
        {
            "file": "/testcraft/templates/configmap-realm.yaml",
            "findings": [
                {
                    "resource": "ConfigMap.default.realm",
                    "check_ids": [
                        "CKV_K8S_21"
                    ]
                }
            ]
        },
        {
            "file": "/testcraft/templates/configmap-tempo.yaml",
            "findings": [
                {
                    "resource": "ConfigMap.default.tempo-config",
                    "check_ids": [
                        "CKV_K8S_21"
                    ]
                }
            ]
        },
        {
            "file": "/testcraft/templates/docs.yaml",
            "findings": [
                {
                    "resource": "Deployment.default.docs",
                    "check_ids": [
                        "CKV_K8S_14",
                        "CKV_K8S_15",
                        "CKV_K8S_21",
                        "CKV_K8S_22",
                        "CKV_K8S_38",
                        "CKV_K8S_40",
                        "CKV_K8S_43",
                        "CKV_K8S_8"
                    ]
                },
                {
                    "resource": "Pod.default.docs.app-docs",
                    "check_ids": [
                        "CKV2_K8S_6"
                    ]
                },
                {
                    "resource": "Service.default.docs",
                    "check_ids": [
                        "CKV_K8S_21"
                    ]
                }
            ]
        },
        {
            "file": "/testcraft/templates/exporters.yaml",
            "findings": [
                {
                    "resource": "Deployment.default.postgres-exporter",
                    "check_ids": [
                        "CKV_K8S_15",
                        "CKV_K8S_21",
                        "CKV_K8S_22",
                        "CKV_K8S_35",
                        "CKV_K8S_38",
                        "CKV_K8S_43",
                        "CKV_K8S_8",
                        "CKV_K8S_9"
                    ]
                },
                {
                    "resource": "Deployment.default.rabbitmq-exporter",
                    "check_ids": [
                        "CKV_K8S_15",
                        "CKV_K8S_21",
                        "CKV_K8S_22",
                        "CKV_K8S_35",
                        "CKV_K8S_38",
                        "CKV_K8S_40",
                        "CKV_K8S_43",
                        "CKV_K8S_8",
                        "CKV_K8S_9"
                    ]
                },
                {
                    "resource": "Deployment.default.redis-exporter",
                    "check_ids": [
                        "CKV_K8S_15",
                        "CKV_K8S_21",
                        "CKV_K8S_22",
                        "CKV_K8S_35",
                        "CKV_K8S_38",
                        "CKV_K8S_43",
                        "CKV_K8S_8",
                        "CKV_K8S_9"
                    ]
                },
                {
                    "resource": "Pod.default.postgres-exporter.app-postgres-exporter",
                    "check_ids": [
                        "CKV2_K8S_6"
                    ]
                },
                {
                    "resource": "Pod.default.rabbitmq-exporter.app-rabbitmq-exporter",
                    "check_ids": [
                        "CKV2_K8S_6"
                    ]
                },
                {
                    "resource": "Pod.default.redis-exporter.app-redis-exporter",
                    "check_ids": [
                        "CKV2_K8S_6"
                    ]
                },
                {
                    "resource": "Service.default.postgres-exporter",
                    "check_ids": [
                        "CKV_K8S_21"
                    ]
                },
                {
                    "resource": "Service.default.rabbitmq-exporter",
                    "check_ids": [
                        "CKV_K8S_21"
                    ]
                },
                {
                    "resource": "Service.default.redis-exporter",
                    "check_ids": [
                        "CKV_K8S_21"
                    ]
                }
            ]
        },
        {
            "file": "/testcraft/templates/gateway.yaml",
            "findings": [
                {
                    "resource": "Deployment.default.gateway",
                    "check_ids": [
                        "CKV_K8S_14",
                        "CKV_K8S_15",
                        "CKV_K8S_21",
                        "CKV_K8S_22",
                        "CKV_K8S_25",
                        "CKV_K8S_35",
                        "CKV_K8S_38",
                        "CKV_K8S_40",
                        "CKV_K8S_43",
                        "CKV_K8S_8"
                    ]
                },
                {
                    "resource": "Pod.default.gateway.app-gateway",
                    "check_ids": [
                        "CKV2_K8S_6"
                    ]
                },
                {
                    "resource": "Service.default.gateway",
                    "check_ids": [
                        "CKV_K8S_21"
                    ]
                }
            ]
        },
        {
            "file": "/testcraft/templates/glitchtip.yaml",
            "findings": [
                {
                    "resource": "Deployment.default.glitchtip-web",
                    "check_ids": [
                        "CKV_K8S_15",
                        "CKV_K8S_21",
                        "CKV_K8S_22",
                        "CKV_K8S_35",
                        "CKV_K8S_38",
                        "CKV_K8S_40",
                        "CKV_K8S_43",
                        "CKV_K8S_8"
                    ]
                },
                {
                    "resource": "Deployment.default.glitchtip-worker",
                    "check_ids": [
                        "CKV_K8S_15",
                        "CKV_K8S_21",
                        "CKV_K8S_22",
                        "CKV_K8S_35",
                        "CKV_K8S_38",
                        "CKV_K8S_40",
                        "CKV_K8S_43",
                        "CKV_K8S_8",
                        "CKV_K8S_9"
                    ]
                },
                {
                    "resource": "Job.default.glitchtip-migrate",
                    "check_ids": [
                        "CKV_K8S_15",
                        "CKV_K8S_21",
                        "CKV_K8S_22",
                        "CKV_K8S_35",
                        "CKV_K8S_38",
                        "CKV_K8S_40",
                        "CKV_K8S_43"
                    ]
                },
                {
                    "resource": "Pod.default.glitchtip-migrate.app-glitchtip-migrate",
                    "check_ids": [
                        "CKV2_K8S_6"
                    ]
                },
                {
                    "resource": "Pod.default.glitchtip-web.app-glitchtip-web",
                    "check_ids": [
                        "CKV2_K8S_6"
                    ]
                },
                {
                    "resource": "Pod.default.glitchtip-worker.app-glitchtip-worker",
                    "check_ids": [
                        "CKV2_K8S_6"
                    ]
                },
                {
                    "resource": "Service.default.glitchtip",
                    "check_ids": [
                        "CKV_K8S_21"
                    ]
                }
            ]
        },
        {
            "file": "/testcraft/templates/grafana.yaml",
            "findings": [
                {
                    "resource": "Deployment.default.grafana",
                    "check_ids": [
                        "CKV_K8S_15",
                        "CKV_K8S_21",
                        "CKV_K8S_22",
                        "CKV_K8S_35",
                        "CKV_K8S_38",
                        "CKV_K8S_40",
                        "CKV_K8S_43"
                    ]
                },
                {
                    "resource": "Pod.default.grafana.app-grafana",
                    "check_ids": [
                        "CKV2_K8S_6"
                    ]
                },
                {
                    "resource": "Service.default.grafana",
                    "check_ids": [
                        "CKV_K8S_21"
                    ]
                }
            ]
        },
        {
            "file": "/testcraft/templates/keycloak.yaml",
            "findings": [
                {
                    "resource": "Deployment.default.keycloak",
                    "check_ids": [
                        "CKV_K8S_10",
                        "CKV_K8S_11",
                        "CKV_K8S_12",
                        "CKV_K8S_13",
                        "CKV_K8S_15",
                        "CKV_K8S_21",
                        "CKV_K8S_22",
                        "CKV_K8S_35",
                        "CKV_K8S_38",
                        "CKV_K8S_40",
                        "CKV_K8S_43",
                        "CKV_K8S_8"
                    ]
                },
                {
                    "resource": "Pod.default.keycloak.app-keycloak",
                    "check_ids": [
                        "CKV2_K8S_6"
                    ]
                },
                {
                    "resource": "Service.default.keycloak",
                    "check_ids": [
                        "CKV_K8S_21"
                    ]
                }
            ]
        },
        {
            "file": "/testcraft/templates/kube-state-metrics.yaml",
            "findings": [
                {
                    "resource": "Deployment.default.kube-state-metrics",
                    "check_ids": [
                        "CKV_K8S_15",
                        "CKV_K8S_21",
                        "CKV_K8S_22",
                        "CKV_K8S_38",
                        "CKV_K8S_43",
                        "CKV_K8S_8",
                        "CKV_K8S_9"
                    ]
                },
                {
                    "resource": "Pod.default.kube-state-metrics.app-kube-state-metrics",
                    "check_ids": [
                        "CKV2_K8S_6"
                    ]
                },
                {
                    "resource": "Service.default.kube-state-metrics",
                    "check_ids": [
                        "CKV_K8S_21"
                    ]
                },
                {
                    "resource": "ServiceAccount.default.kube-state-metrics",
                    "check_ids": [
                        "CKV_K8S_21"
                    ]
                }
            ]
        },
        {
            "file": "/testcraft/templates/loki.yaml",
            "findings": [
                {
                    "resource": "Deployment.default.loki",
                    "check_ids": [
                        "CKV_K8S_15",
                        "CKV_K8S_21",
                        "CKV_K8S_22",
                        "CKV_K8S_38",
                        "CKV_K8S_43",
                        "CKV_K8S_8"
                    ]
                },
                {
                    "resource": "Pod.default.loki.app-loki",
                    "check_ids": [
                        "CKV2_K8S_6"
                    ]
                },
                {
                    "resource": "Service.default.loki",
                    "check_ids": [
                        "CKV_K8S_21"
                    ]
                }
            ]
        },
        {
            "file": "/testcraft/templates/migrator-job.yaml",
            "findings": [
                {
                    "resource": "Job.default.migrator",
                    "check_ids": [
                        "CKV_K8S_14",
                        "CKV_K8S_15",
                        "CKV_K8S_21",
                        "CKV_K8S_22",
                        "CKV_K8S_35",
                        "CKV_K8S_38",
                        "CKV_K8S_40",
                        "CKV_K8S_43"
                    ]
                },
                {
                    "resource": "Pod.default.migrator.app-migrator",
                    "check_ids": [
                        "CKV2_K8S_6"
                    ]
                }
            ]
        },
        {
            "file": "/testcraft/templates/minio-backup.yaml",
            "findings": [
                {
                    "resource": "CronJob.default.minio-backup",
                    "check_ids": [
                        "CKV_K8S_15",
                        "CKV_K8S_20",
                        "CKV_K8S_21",
                        "CKV_K8S_22",
                        "CKV_K8S_23",
                        "CKV_K8S_28",
                        "CKV_K8S_29",
                        "CKV_K8S_30",
                        "CKV_K8S_31",
                        "CKV_K8S_35",
                        "CKV_K8S_37",
                        "CKV_K8S_38",
                        "CKV_K8S_40",
                        "CKV_K8S_43"
                    ]
                }
            ]
        },
        {
            "file": "/testcraft/templates/minio.yaml",
            "findings": [
                {
                    "resource": "Deployment.default.minio",
                    "check_ids": [
                        "CKV_K8S_10",
                        "CKV_K8S_11",
                        "CKV_K8S_12",
                        "CKV_K8S_13",
                        "CKV_K8S_15",
                        "CKV_K8S_21",
                        "CKV_K8S_22",
                        "CKV_K8S_25",
                        "CKV_K8S_35",
                        "CKV_K8S_38",
                        "CKV_K8S_40",
                        "CKV_K8S_43"
                    ]
                },
                {
                    "resource": "Pod.default.minio.app-minio",
                    "check_ids": [
                        "CKV2_K8S_6"
                    ]
                },
                {
                    "resource": "Service.default.minio",
                    "check_ids": [
                        "CKV_K8S_21"
                    ]
                }
            ]
        },
        {
            "file": "/testcraft/templates/node-exporter.yaml",
            "findings": [
                {
                    "resource": "DaemonSet.default.node-exporter",
                    "check_ids": [
                        "CKV_K8S_15",
                        "CKV_K8S_17",
                        "CKV_K8S_19",
                        "CKV_K8S_21",
                        "CKV_K8S_22",
                        "CKV_K8S_26",
                        "CKV_K8S_38",
                        "CKV_K8S_43",
                        "CKV_K8S_8",
                        "CKV_K8S_9"
                    ]
                },
                {
                    "resource": "Pod.default.node-exporter.app-node-exporter",
                    "check_ids": [
                        "CKV2_K8S_6"
                    ]
                }
            ]
        },
        {
            "file": "/testcraft/templates/postgres-backup.yaml",
            "findings": [
                {
                    "resource": "CronJob.default.postgres-backup",
                    "check_ids": [
                        "CKV_K8S_15",
                        "CKV_K8S_20",
                        "CKV_K8S_21",
                        "CKV_K8S_22",
                        "CKV_K8S_23",
                        "CKV_K8S_28",
                        "CKV_K8S_29",
                        "CKV_K8S_30",
                        "CKV_K8S_31",
                        "CKV_K8S_35",
                        "CKV_K8S_37",
                        "CKV_K8S_38",
                        "CKV_K8S_40",
                        "CKV_K8S_43"
                    ]
                }
            ]
        },
        {
            "file": "/testcraft/templates/postgres-restore-verify.yaml",
            "findings": [
                {
                    "resource": "CronJob.default.postgres-restore-verify",
                    "check_ids": [
                        "CKV_K8S_15",
                        "CKV_K8S_20",
                        "CKV_K8S_21",
                        "CKV_K8S_22",
                        "CKV_K8S_23",
                        "CKV_K8S_28",
                        "CKV_K8S_29",
                        "CKV_K8S_30",
                        "CKV_K8S_31",
                        "CKV_K8S_35",
                        "CKV_K8S_37",
                        "CKV_K8S_38",
                        "CKV_K8S_40",
                        "CKV_K8S_43"
                    ]
                }
            ]
        },
        {
            "file": "/testcraft/templates/postgres.yaml",
            "findings": [
                {
                    "resource": "Deployment.default.postgres",
                    "check_ids": [
                        "CKV_K8S_15",
                        "CKV_K8S_21",
                        "CKV_K8S_22",
                        "CKV_K8S_35",
                        "CKV_K8S_38",
                        "CKV_K8S_40",
                        "CKV_K8S_43"
                    ]
                },
                {
                    "resource": "Pod.default.postgres.app-postgres",
                    "check_ids": [
                        "CKV2_K8S_6"
                    ]
                },
                {
                    "resource": "Service.default.postgres",
                    "check_ids": [
                        "CKV_K8S_21"
                    ]
                }
            ]
        },
        {
            "file": "/testcraft/templates/prometheus.yaml",
            "findings": [
                {
                    "resource": "Deployment.default.prometheus",
                    "check_ids": [
                        "CKV_K8S_15",
                        "CKV_K8S_21",
                        "CKV_K8S_22",
                        "CKV_K8S_38",
                        "CKV_K8S_43",
                        "CKV_K8S_8"
                    ]
                },
                {
                    "resource": "Pod.default.prometheus.app-prometheus",
                    "check_ids": [
                        "CKV2_K8S_6"
                    ]
                },
                {
                    "resource": "Service.default.prometheus",
                    "check_ids": [
                        "CKV_K8S_21"
                    ]
                }
            ]
        },
        {
            "file": "/testcraft/templates/rabbitmq.yaml",
            "findings": [
                {
                    "resource": "Deployment.default.rabbitmq",
                    "check_ids": [
                        "CKV_K8S_10",
                        "CKV_K8S_11",
                        "CKV_K8S_12",
                        "CKV_K8S_13",
                        "CKV_K8S_15",
                        "CKV_K8S_21",
                        "CKV_K8S_22",
                        "CKV_K8S_25",
                        "CKV_K8S_35",
                        "CKV_K8S_38",
                        "CKV_K8S_40",
                        "CKV_K8S_43"
                    ]
                },
                {
                    "resource": "Pod.default.rabbitmq.app-rabbitmq",
                    "check_ids": [
                        "CKV2_K8S_6"
                    ]
                },
                {
                    "resource": "Service.default.rabbitmq",
                    "check_ids": [
                        "CKV_K8S_21"
                    ]
                }
            ]
        },
        {
            "file": "/testcraft/templates/rbac-prometheus.yaml",
            "findings": [
                {
                    "resource": "ServiceAccount.default.prometheus",
                    "check_ids": [
                        "CKV_K8S_21"
                    ]
                }
            ]
        },
        {
            "file": "/testcraft/templates/redis.yaml",
            "findings": [
                {
                    "resource": "Deployment.default.redis",
                    "check_ids": [
                        "CKV_K8S_15",
                        "CKV_K8S_21",
                        "CKV_K8S_22",
                        "CKV_K8S_35",
                        "CKV_K8S_38",
                        "CKV_K8S_40",
                        "CKV_K8S_43",
                        "CKV_K8S_8"
                    ]
                },
                {
                    "resource": "Pod.default.redis.app-redis",
                    "check_ids": [
                        "CKV2_K8S_6"
                    ]
                },
                {
                    "resource": "Service.default.redis",
                    "check_ids": [
                        "CKV_K8S_21"
                    ]
                }
            ]
        },
        {
            "file": "/testcraft/templates/secrets.yaml",
            "findings": [
                {
                    "resource": "Secret.default.testcraft-secrets",
                    "check_ids": [
                        "CKV_K8S_21"
                    ]
                }
            ]
        },
        {
            "file": "/testcraft/templates/seq.yaml",
            "findings": [
                {
                    "resource": "Deployment.default.seq",
                    "check_ids": [
                        "CKV_K8S_15",
                        "CKV_K8S_21",
                        "CKV_K8S_22",
                        "CKV_K8S_25",
                        "CKV_K8S_35",
                        "CKV_K8S_38",
                        "CKV_K8S_40",
                        "CKV_K8S_43",
                        "CKV_K8S_8"
                    ]
                },
                {
                    "resource": "Pod.default.seq.app-seq",
                    "check_ids": [
                        "CKV2_K8S_6"
                    ]
                },
                {
                    "resource": "Service.default.seq",
                    "check_ids": [
                        "CKV_K8S_21"
                    ]
                }
            ]
        },
        {
            "file": "/testcraft/templates/tempo.yaml",
            "findings": [
                {
                    "resource": "Deployment.default.tempo",
                    "check_ids": [
                        "CKV_K8S_15",
                        "CKV_K8S_21",
                        "CKV_K8S_22",
                        "CKV_K8S_38",
                        "CKV_K8S_43",
                        "CKV_K8S_8"
                    ]
                },
                {
                    "resource": "Pod.default.tempo.app-tempo",
                    "check_ids": [
                        "CKV2_K8S_6"
                    ]
                },
                {
                    "resource": "Service.default.tempo",
                    "check_ids": [
                        "CKV_K8S_21"
                    ]
                }
            ]
        },
        {
            "file": "/testcraft/templates/web.yaml",
            "findings": [
                {
                    "resource": "Deployment.default.web",
                    "check_ids": [
                        "CKV_K8S_14",
                        "CKV_K8S_15",
                        "CKV_K8S_21",
                        "CKV_K8S_22",
                        "CKV_K8S_38",
                        "CKV_K8S_40",
                        "CKV_K8S_43",
                        "CKV_K8S_8"
                    ]
                },
                {
                    "resource": "Pod.default.web.app-web",
                    "check_ids": [
                        "CKV2_K8S_6"
                    ]
                },
                {
                    "resource": "Service.default.web",
                    "check_ids": [
                        "CKV_K8S_21"
                    ]
                }
            ]
        }
    ]
}